------------------------------------------------------------
TimeQuest Timing Analyzer Summary
------------------------------------------------------------

Type  : Slow 1200mV 85C Model Setup 'clk'
Slack : -1.219
TNS   : -7.217

Type  : Slow 1200mV 85C Model Setup 'count59:segundos|c_aux'
Slack : -1.177
TNS   : -7.015

Type  : Slow 1200mV 85C Model Setup 'count59:minutos|c_aux'
Slack : -0.644
TNS   : -2.327

Type  : Slow 1200mV 85C Model Hold 'count59:segundos|c_aux'
Slack : -0.349
TNS   : -0.349

Type  : Slow 1200mV 85C Model Hold 'clk'
Slack : -0.061
TNS   : -0.061

Type  : Slow 1200mV 85C Model Hold 'count59:minutos|c_aux'
Slack : 0.391
TNS   : 0.000

Type  : Slow 1200mV 85C Model Minimum Pulse Width 'clk'
Slack : -3.000
TNS   : -13.280

Type  : Slow 1200mV 85C Model Minimum Pulse Width 'count59:segundos|c_aux'
Slack : -1.285
TNS   : -10.280

Type  : Slow 1200mV 85C Model Minimum Pulse Width 'count59:minutos|c_aux'
Slack : -1.285
TNS   : -5.140

Type  : Slow 1200mV 0C Model Setup 'clk'
Slack : -1.005
TNS   : -5.806

Type  : Slow 1200mV 0C Model Setup 'count59:segundos|c_aux'
Slack : -0.971
TNS   : -5.592

Type  : Slow 1200mV 0C Model Setup 'count59:minutos|c_aux'
Slack : -0.489
TNS   : -1.750

Type  : Slow 1200mV 0C Model Hold 'count59:segundos|c_aux'
Slack : -0.243
TNS   : -0.243

Type  : Slow 1200mV 0C Model Hold 'clk'
Slack : 0.019
TNS   : 0.000

Type  : Slow 1200mV 0C Model Hold 'count59:minutos|c_aux'
Slack : 0.350
TNS   : 0.000

Type  : Slow 1200mV 0C Model Minimum Pulse Width 'clk'
Slack : -3.000
TNS   : -13.280

Type  : Slow 1200mV 0C Model Minimum Pulse Width 'count59:segundos|c_aux'
Slack : -1.285
TNS   : -10.280

Type  : Slow 1200mV 0C Model Minimum Pulse Width 'count59:minutos|c_aux'
Slack : -1.285
TNS   : -5.140

Type  : Fast 1200mV 0C Model Setup 'clk'
Slack : -0.067
TNS   : -0.112

Type  : Fast 1200mV 0C Model Setup 'count59:segundos|c_aux'
Slack : -0.044
TNS   : -0.122

Type  : Fast 1200mV 0C Model Setup 'count59:minutos|c_aux'
Slack : 0.199
TNS   : 0.000

Type  : Fast 1200mV 0C Model Hold 'count59:segundos|c_aux'
Slack : -0.338
TNS   : -0.338

Type  : Fast 1200mV 0C Model Hold 'clk'
Slack : -0.236
TNS   : -0.236

Type  : Fast 1200mV 0C Model Hold 'count59:minutos|c_aux'
Slack : 0.181
TNS   : 0.000

Type  : Fast 1200mV 0C Model Minimum Pulse Width 'clk'
Slack : -3.000
TNS   : -11.480

Type  : Fast 1200mV 0C Model Minimum Pulse Width 'count59:segundos|c_aux'
Slack : -1.000
TNS   : -8.000

Type  : Fast 1200mV 0C Model Minimum Pulse Width 'count59:minutos|c_aux'
Slack : -1.000
TNS   : -4.000

------------------------------------------------------------
